Random seed: 145
Virus is extinct.
Statistics:
	Total infections: 14
	Total deaths: 43
	Number of survivors: 57
Most infectious location:
	Multiple
Simulation terminated after 4 steps.
