Random seed: 42
Virus is extinct.
Statistics:
	Total infections: 0
	Total deaths: 2
	Number of survivors: 3
Most infectious location:
	Multiple
Simulation terminated after 1 steps.
